// Vitest Snapshot v1, https://vitest.dev/guide/snapshot.html

exports[`Button 컴포넌트 > 스냅샷 테스트 > asChild 스냅샷 > AsChild Button 컴포넌트 스냅샷 1`] = `"<a href="#test" class="inline-flex items-center justify-center rounded-md text-sm font-medium transition-colors focus-visible:outline-none focus-visible:ring-2 focus-visible:ring-ring focus-visible:ring-offset-2 disabled:opacity-50 disabled:pointer-events-none ring-offset-background bg-primary text-primary-foreground hover:bg-primary/90 h-10 py-2 px-4">링크 버튼</a>"`;

exports[`Button 컴포넌트 > 스냅샷 테스트 > default 버튼 스냅샷 > Default Button 컴포넌트 스냅샷 1`] = `"<button class="inline-flex items-center justify-center rounded-md text-sm font-medium transition-colors focus-visible:outline-none focus-visible:ring-2 focus-visible:ring-ring focus-visible:ring-offset-2 disabled:opacity-50 disabled:pointer-events-none ring-offset-background bg-primary text-primary-foreground hover:bg-primary/90 h-10 py-2 px-4">기본 버튼</button>"`;

exports[`Button 컴포넌트 > 스냅샷 테스트 > disabled 상태 스냅샷 > Disabled Button 컴포넌트 스냅샷 1`] = `"<button class="inline-flex items-center justify-center rounded-md text-sm font-medium transition-colors focus-visible:outline-none focus-visible:ring-2 focus-visible:ring-ring focus-visible:ring-offset-2 disabled:opacity-50 disabled:pointer-events-none ring-offset-background bg-primary text-primary-foreground hover:bg-primary/90 h-10 py-2 px-4" disabled="">비활성화 버튼</button>"`;

exports[`Button 컴포넌트 > 스냅샷 테스트 > 모든 size 스타일 스냅샷 > Default Size 컴포넌트 스냅샷 1`] = `"<button class="inline-flex items-center justify-center rounded-md text-sm font-medium transition-colors focus-visible:outline-none focus-visible:ring-2 focus-visible:ring-ring focus-visible:ring-offset-2 disabled:opacity-50 disabled:pointer-events-none ring-offset-background bg-primary text-primary-foreground hover:bg-primary/90 h-10 py-2 px-4">기본 크기</button>"`;

exports[`Button 컴포넌트 > 스냅샷 테스트 > 모든 size 스타일 스냅샷 > Icon Size 컴포넌트 스냅샷 1`] = `"<button class="inline-flex items-center justify-center rounded-md text-sm font-medium transition-colors focus-visible:outline-none focus-visible:ring-2 focus-visible:ring-ring focus-visible:ring-offset-2 disabled:opacity-50 disabled:pointer-events-none ring-offset-background bg-primary text-primary-foreground hover:bg-primary/90 h-10 w-10"><span>아이콘</span></button>"`;

exports[`Button 컴포넌트 > 스냅샷 테스트 > 모든 size 스타일 스냅샷 > Large Size 컴포넌트 스냅샷 1`] = `"<button class="inline-flex items-center justify-center text-sm font-medium transition-colors focus-visible:outline-none focus-visible:ring-2 focus-visible:ring-ring focus-visible:ring-offset-2 disabled:opacity-50 disabled:pointer-events-none ring-offset-background bg-primary text-primary-foreground hover:bg-primary/90 h-11 px-8 rounded-md">큰 크기</button>"`;

exports[`Button 컴포넌트 > 스냅샷 테스트 > 모든 size 스타일 스냅샷 > Small Size 컴포넌트 스냅샷 1`] = `"<button class="inline-flex items-center justify-center text-sm font-medium transition-colors focus-visible:outline-none focus-visible:ring-2 focus-visible:ring-ring focus-visible:ring-offset-2 disabled:opacity-50 disabled:pointer-events-none ring-offset-background bg-primary text-primary-foreground hover:bg-primary/90 h-9 px-3 rounded-md">작은 크기</button>"`;

exports[`Button 컴포넌트 > 스냅샷 테스트 > 모든 variant 스타일 스냅샷 > Default Variant 컴포넌트 스냅샷 1`] = `"<button class="inline-flex items-center justify-center rounded-md text-sm font-medium transition-colors focus-visible:outline-none focus-visible:ring-2 focus-visible:ring-ring focus-visible:ring-offset-2 disabled:opacity-50 disabled:pointer-events-none ring-offset-background bg-primary text-primary-foreground hover:bg-primary/90 h-10 py-2 px-4">기본 스타일</button>"`;

exports[`Button 컴포넌트 > 스냅샷 테스트 > 모든 variant 스타일 스냅샷 > Destructive Variant 컴포넌트 스냅샷 1`] = `"<button class="inline-flex items-center justify-center rounded-md text-sm font-medium transition-colors focus-visible:outline-none focus-visible:ring-2 focus-visible:ring-ring focus-visible:ring-offset-2 disabled:opacity-50 disabled:pointer-events-none ring-offset-background bg-destructive text-destructive-foreground hover:bg-destructive/90 h-10 py-2 px-4">위험 스타일</button>"`;

exports[`Button 컴포넌트 > 스냅샷 테스트 > 모든 variant 스타일 스냅샷 > Ghost Variant 컴포넌트 스냅샷 1`] = `"<button class="inline-flex items-center justify-center rounded-md text-sm font-medium transition-colors focus-visible:outline-none focus-visible:ring-2 focus-visible:ring-ring focus-visible:ring-offset-2 disabled:opacity-50 disabled:pointer-events-none ring-offset-background hover:bg-accent hover:text-accent-foreground h-10 py-2 px-4">고스트 스타일</button>"`;

exports[`Button 컴포넌트 > 스냅샷 테스트 > 모든 variant 스타일 스냅샷 > Link Variant 컴포넌트 스냅샷 1`] = `"<button class="inline-flex items-center justify-center rounded-md text-sm font-medium transition-colors focus-visible:outline-none focus-visible:ring-2 focus-visible:ring-ring focus-visible:ring-offset-2 disabled:opacity-50 disabled:pointer-events-none ring-offset-background underline-offset-4 hover:underline text-primary h-10 py-2 px-4">링크 스타일</button>"`;

exports[`Button 컴포넌트 > 스냅샷 테스트 > 모든 variant 스타일 스냅샷 > Outline Variant 컴포넌트 스냅샷 1`] = `"<button class="inline-flex items-center justify-center rounded-md text-sm font-medium transition-colors focus-visible:outline-none focus-visible:ring-2 focus-visible:ring-ring focus-visible:ring-offset-2 disabled:opacity-50 disabled:pointer-events-none ring-offset-background border border-input hover:bg-accent hover:text-accent-foreground h-10 py-2 px-4">외곽선 스타일</button>"`;

exports[`Button 컴포넌트 > 스냅샷 테스트 > 모든 variant 스타일 스냅샷 > Secondary Variant 컴포넌트 스냅샷 1`] = `"<button class="inline-flex items-center justify-center rounded-md text-sm font-medium transition-colors focus-visible:outline-none focus-visible:ring-2 focus-visible:ring-ring focus-visible:ring-offset-2 disabled:opacity-50 disabled:pointer-events-none ring-offset-background bg-secondary text-secondary-foreground hover:bg-secondary/80 h-10 py-2 px-4">보조 스타일</button>"`;
